banned_vocabulary 73
bench_struct_outside_testkit 0
copied_test_helpers 0
create_run_outside_testkit 4
env_mutation_in_tests 0
env_read_outside_boundary 16
event_builder_outside_testkit 0
execute_run_outside_testkit 2
exit_failure_in_cli 2
git_command_outside_git_rs 2
let_underscore_in_prod 23
numeric_const_without_adr 41
prod_fns_over_50_lines 80
reason_built_by_format 6
session_request_literal_outside_plan 0
sleep_outside_mock_latency 4
space_runs_in_prod_strings 0
src_files_over_500_lines 10
sync_fs_in_async 217
system_clock_outside_boundary 79
tense_markers 112
test_files_over_500_lines 37
test_fns_over_50_lines 136
wildcard_in_ledger_apply 0
